// Jest Snapshot v1, https://goo.gl/fbAQLP

exports[`PageTitle should match snapshots head 1`] = `
<DocumentFragment>
  <div
    class="sc-ewnqHT fPumzW"
  >
    <h1
      class="sc-bgqQcB jYvPsJ sc-fFGjHI MzdwS"
    >
      Page Title
    </h1>
    This is the current slug
  </div>
</DocumentFragment>
`;
