// Jest Snapshot v1, https://goo.gl/fbAQLP

exports[`NotificationBanner  should match snapshot and check show banner when open set to true 1`] = `
<DocumentFragment>
  <div
    class="sc-bgqQcB fPlmlQ open "
  >
    <div
      class="sc-gTRrQi hKOjqS"
      data-testid="message"
    >
      Alert message goes here
      <span
        class="sc-ewnqHT lknSpb"
        role="readMore"
      >
        Read more
      </span>
    </div>
  </div>
</DocumentFragment>
`;

exports[`NotificationBanner  should match snapshot without message 1`] = `
<DocumentFragment>
  <div
    class="sc-bgqQcB fPlmlQ open "
  >
    <div
      class="sc-gTRrQi hKOjqS"
      data-testid="message"
    >
      Alert message goes here
      <span
        class="sc-ewnqHT lknSpb"
        role="readMore"
      >
        Read more
      </span>
    </div>
  </div>
</DocumentFragment>
`;
