// Jest Snapshot v1, https://goo.gl/fbAQLP

exports[`Layout => Header should match the snapshot 1`] = `
<DocumentFragment>
  <div
    class="sc-fABZjn fNXwka"
  >
    <a
      class=""
      href="/bridge"
    >
      <div
        class="sc-gUMnWI dkUFbU"
      />
    </a>
    <div
      class="sc-hjLWnZ kFZkac"
    >
      <a
        activeclassname="active"
        class="sc-fWFeAW dJFBmS"
        href="/bridge"
      >
        Bridge
      </a>
      <a
        activeclassname="active"
        class="sc-fWFeAW dJFBmS"
        href="/history"
      >
        History
      </a>
      <a
        activeclassname="active"
        class="sc-fWFeAW dJFBmS"
        href="/earn"
      >
        Earn
      </a>
      <a
        activeclassname="active"
        class="sc-fWFeAW dJFBmS"
        href="/stake"
      >
        Stake
      </a>
      <a
        activeclassname="active"
        class="sc-fWFeAW dJFBmS"
        href="/DAO"
      >
        Dao
      </a>
    </div>
    <div
      class="sc-hUOJWJ kkAMsz"
    >
      <button
        class="sc-crozmw joSqYT"
        label="Connect Wallet"
        style="white-space: nowrap;"
        type="button"
      >
         Connect Wallet
      </button>
      <div
        class="sc-dPwPAC UluVn"
      >
        <div
          class="sc-ePzlA-D hiWbI"
        >
          <div>
            <div
              data-src="hamburger.svg"
              src=""
            />
          </div>
        </div>
      </div>
      <div
        class="sc-gjJAnY imSQnB"
        title="light-icon"
      >
        <div>
          <div>
            <div
              data-src="theme-sun.svg"
              src=""
            />
          </div>
        </div>
      </div>
    </div>
  </div>
</DocumentFragment>
`;
