// Jest Snapshot v1, https://goo.gl/fbAQLP

exports[`Available Bridges should match snapshot connected on mainnet 1`] = `
<DocumentFragment>
  <div
    class="sc-ewnqHT govArP"
  >
    <p
      class="sc-bgqQcB sc-fFGjHI llaVrj jrSeWS"
    >
      Third party bridges
    </p>
    <a
      class="sc-dicizt dsNRSm"
      data-testid="banxa"
      href="https://boba.banxa.com/?coinType=ETH&fiatType=USD&blockchain=Boba Network&walletAddress=random-code"
      rel="noopener noreferrer"
      target="_blank"
    >
      <p
        class="sc-bgqQcB sc-iVCKna llaVrj bGQzVG"
      >
        Banxa
      </p>
    </a>
    <a
      class="sc-dicizt dsNRSm"
      data-testid="bridge"
      href="https://synapseprotocol.com/"
      rel="noopener noreferrer"
      target="_blank"
    >
      <p
        class="sc-bgqQcB sc-iVCKna llaVrj bGQzVG"
      >
        Synapse
      </p>
    </a>
    <a
      class="sc-dicizt dsNRSm"
      data-testid="bridge"
      href="https://cbridge.celer.network/#/transfer"
      rel="noopener noreferrer"
      target="_blank"
    >
      <p
        class="sc-bgqQcB sc-iVCKna llaVrj bGQzVG"
      >
        Celer
      </p>
    </a>
  </div>
</DocumentFragment>
`;

exports[`Available Bridges should match snapshot network type is TESTNET 1`] = `<DocumentFragment />`;

exports[`Available Bridges should match snapshot selected network is not ETHEREUM 1`] = `<DocumentFragment />`;

exports[`Available Bridges should match snapshot token value is null 1`] = `<DocumentFragment />`;
