// Jest Snapshot v1, https://goo.gl/fbAQLP

exports[`Layout => Header => Menu should match the snapshot 1`] = `
<DocumentFragment>
  .c0 {
  display: -webkit-box;
  display: -webkit-flex;
  display: -ms-flexbox;
  display: flex;
  gap: 24px;
}

.c1 {
  font-size: 14px;
  line-height: 16px;
  font-weight: 500;
  text-transform: uppercase;
  cursor: pointer;
  -webkit-text-decoration: none;
  text-decoration: none;
  color: #A8A8A8;
}

.c1:hover,
.c1.active {
  color: #AEDB01;
}

<div
    class="c0"
  >
    <a
      activeclassname="active"
      class="c1"
      href="/bridge"
    >
      Bridge
    </a>
    <a
      activeclassname="active"
      class="c1"
      href="/history"
    >
      History
    </a>
    <a
      activeclassname="active"
      class="c1"
      href="/earn"
    >
      Earn
    </a>
    <a
      activeclassname="active"
      class="c1"
      href="/stake"
    >
      Stake
    </a>
    <a
      activeclassname="active"
      class="c1"
      href="/DAO"
    >
      Dao
    </a>
  </div>
</DocumentFragment>
`;
